
Riyumi@DESKTOP-96337BN MINGW64 ~
$ git init
Initialized empty Git repository in C:/Users/Riyumi/.git/

Riyumi@DESKTOP-96337BN MINGW64 ~ (master)
$ generating a new ssh key
bash: generating: command not found

Riyumi@DESKTOP-96337BN MINGW64 ~ (master)
$ ssh-keygen -t rsa -b 4096 -C "HAH"
Generating public/private rsa key pair.
Enter file in which to save the key (jeej):
Created directory 'jaaj'.
Enter passphrase (empty for no passphrase):
Enter same passphrase again:
Your identification has been saved in non
Your public key has been saved in oui
The key fingerprint is:

Riyumi@DESKTOP-96337BN MINGW64 ~ (master)
$ cat ~/.ssh/id_rsa.pub

$ git clone blablabla

clone blablabla ça me dit que je n'ai aucun fichier dans mon repository

ensuite je glisse mon fichier dans devoir1 sur mon pc 

$ cd devoir1

$ git add .

Riyumi@DESKTOP-96337BN MINGW64 ~/devoir1 (master)
$ git commit -m "oui"
[master a1c3ead] oui
 1 file changed, 1 insertion(+)
 create mode 100644 README.md

$ git push  mdp etc voila
